---
source: crates/cli/tests/cli_extras.rs
expression: help
---
Generate changelogs from conventional commits.

Usage: novalyn [OPTIONS] <COMMAND>

Commands:
  completions  Generate shell completions
  show         Show the next inferred version based on commit history and semver rules
  generate     Generate a changelog release block for the specified commit range
  release      Run a full release: bump version, generate changelog, create git tag, and optionally
               sign/tag
  github       Synchronize GitHub releases with local changelog data
  help         Print this message or the help of the given subcommand(s)

Options:
  -c, --cwd <CWD>
          Working directory to use (defaults to current directory)

  -v, --verbose...
          Increase verbosity (-v, -vv, -vvv)

  -h, --help
          Print help

  -V, --version
          Print version
