---
source: tests/cli_extras.rs
expression: help
---
Generate changelogs from conventional commits.

Usage: novalyn [OPTIONS] <COMMAND>

Commands:
  completions  Print shell completions
  show         Show the next inferred version
  generate     Generate release block (writes with --write)
  release      Run full release (bump, changelog, tag creation optional in future)
  github       GitHub release synchronization only
  help         Print this message or the help of the given subcommand(s)

Options:
  -c, --cwd <CWD>
          

  -v, --verbose...
          Increase verbosity (-v, -vv, -vvv)

  -h, --help
          Print help

  -V, --version
          Print version
